// Jest Snapshot v1, https://goo.gl/fbAQLP

exports[`ArticleListItem tests renders correctly when text is showing 1`] = `
<div>
  <li />
</div>
`;
